[www.houstonsignsandawnings.com/index.html]
[backblue.gif]
[fade.gif]
[index.html]
[www.houstonsignsandawnings.com/wp-content/uploads/2013/09/royal-signs-fallback.png]
[www.houstonsignsandawnings.com/wp-content/uploads/2013/09/royal-signs-fav.png]
[www.houstonsignsandawnings.com/indoor-signs/index.html]
[www.houstonsignsandawnings.com/wp-json/oembed/1.0/embed4b0e.json]
[www.houstonsignsandawnings.com/Firefox/index.html]
[www.houstonsignsandawnings.com/wp-json/oembed/1.0/embed796b]
[www.houstonsignsandawnings.com/wp-content/cache/min/1/wp-content/plugins/formidable/css/formidableformse59e.css]
[www.houstonsignsandawnings.com/wp-content/cache/min/1/ajax/libs/font-awesome/5.11.2/css/all.mine59e.css]
[www.houstonsignsandawnings.com/wp-content/cache/min/1/wp-content/themes/mmwm_2025/colorbox/colorboxe59e.css]
[www.houstonsignsandawnings.com/wp-content/themes/mmwm_2025/css/bootstrap.min.css]
[www.houstonsignsandawnings.com/wp-content/themes/mmwm_2025/css/ouibounce.min.css]
[www.houstonsignsandawnings.com/wp-includes/js/jquery/jquery-migrate.min.js]
[www.houstonsignsandawnings.com/wp-includes/js/jquery/jquery.min.js]
[www.houstonsignsandawnings.com/wp-json/wp/v2/pages/458.json]
[www.houstonsignsandawnings.com/wp-content/cache/min/1/wp-content/themes/mmwm_2025/theme01/stylee59e.css]
[www.houstonsignsandawnings.com/wp-json/index.html]
[www.houstonsignsandawnings.com/wp-content/uploads/2013/09/royal-signs-logo.png]
[www.houstonsignsandawnings.com/wp-content/cache/min/1/wp-content/themes/mmwm_2025/js/modernizr.custom599f.js]
[www.houstonsignsandawnings.com/wp-content/uploads/2013/09/verizon-custom-sign.jpg]
[www.houstonsignsandawnings.com/wp-content/uploads/2013/09/building-signs.jpg]
[www.houstonsignsandawnings.com/awning-signs/index.html]
[www.houstonsignsandawnings.com/wp-content/uploads/2013/09/storefront-building-channel-letters-300x225.jpg]
[www.houstonsignsandawnings.com/wp-content/uploads/2018/01/promotional-window-vinyl-300x240.jpg]
[www.houstonsignsandawnings.com/reviews/index.html]
[www.houstonsignsandawnings.com/wp-content/themes/mmwm_2025/images/freequote.webp]
[www.houstonsignsandawnings.com/outdoor-signs/index.html]
[www.houstonsignsandawnings.com/vehicle-wraps/index.html]
[www.houstonsignsandawnings.com/wp-content/uploads/2020/05/awnings-canopy-sign-300x225.jpg]
[www.houstonsignsandawnings.com/business-signs/index.html]
[www.houstonsignsandawnings.com/custom-signs/index.html]
[www.houstonsignsandawnings.com/contact-us/index.html]
[www.houstonsignsandawnings.com/promotional-signs/index.html]
[www.houstonsignsandawnings.com/dimensional-letters/index.html]
[www.houstonsignsandawnings.com/wp-content/uploads/2015/03/Photo-Mar-16-4-37-20-PM-300x225.jpg]
[www.houstonsignsandawnings.com/hanging-signs/index.html]
[www.houstonsignsandawnings.com/banners/index.html]
[www.houstonsignsandawnings.com/office-signs/index.html]
[www.houstonsignsandawnings.com/blade-signs/index.html]
[www.houstonsignsandawnings.com/lighted-signs/index.html]
[www.houstonsignsandawnings.com/wp-content/uploads/2020/05/awnings-4-300x225.jpg]
[www.houstonsignsandawnings.com/retail-signs/index.html]
[www.houstonsignsandawnings.com/channel-letters/index.html]
[www.houstonsignsandawnings.com/cabinet-signs/index.html]
[www.houstonsignsandawnings.com/wp-content/uploads/2020/05/consultation-maintenance-star-orange.png]
[www.houstonsignsandawnings.com/monument-signs/index.html]
[www.houstonsignsandawnings.com/wp-content/uploads/2017/09/lobby-1-300x200.jpg]
[www.houstonsignsandawnings.com/pole-signs/index.html]
[www.houstonsignsandawnings.com/post-panel-signs/index.html]
[www.houstonsignsandawnings.com/wp-content/uploads/2013/09/royal-signs-logo-300x108.png]
[www.houstonsignsandawnings.com/storefront-signs/index.html]
[www.houstonsignsandawnings.com/pylon-signs/index.html]
[www.houstonsignsandawnings.com/sign-repairs/index.html]
[www.houstonsignsandawnings.com/high-rise-signs/index.html]
[www.houstonsignsandawnings.com/wp-content/uploads/2013/09/royal-signs-logo-white.png]
[www.houstonsignsandawnings.com/floor-signs/index.html]
[www.houstonsignsandawnings.com/wayfinding-signs/index.html]
[www.houstonsignsandawnings.com/wp-includes/js/comment-reply.min.js]
[www.houstonsignsandawnings.com/lobby-signs/index.html]
[www.houstonsignsandawnings.com/wp-content/cache/min/1/wp-content/themes/mmwm_2025/js/global599f.js]
[www.houstonsignsandawnings.com/pop-signs/index.html]
[www.houstonsignsandawnings.com/room-id-signs/index.html]
[www.houstonsignsandawnings.com/wp-content/themes/mmwm_2025/js/bootstrap.min.js]
[www.houstonsignsandawnings.com/wall-signs/index.html]
[www.houstonsignsandawnings.com/wp-content/cache/min/1/wp-content/themes/mmwm_2025/js/jquery.fittext599f.js]
[www.houstonsignsandawnings.com/car-wraps/index.html]
[www.houstonsignsandawnings.com/ada-signs/index.html]
[www.houstonsignsandawnings.com/wp-content/cache/min/1/wp-content/themes/mmwm_2025/js/scripts599f.js]
[www.houstonsignsandawnings.com/acrylic-signs/index.html]
[www.houstonsignsandawnings.com/wp-content/cache/min/1/wp-content/themes/mmwm_2025/js/jquery.cycle2599f.js]
[www.houstonsignsandawnings.com/canopy-tents/index.html]
[www.houstonsignsandawnings.com/building-signs/index.html]
[www.houstonsignsandawnings.com/wp-content/themes/mmwm_2025/colorbox/jquery.colorbox-min.js]
[www.houstonsignsandawnings.com/coronavirus-signage/index.html]
[www.houstonsignsandawnings.com/wp-content/cache/min/1/wp-content/themes/mmwm_2025/js/ouibounce599f.js]
[www.houstonsignsandawnings.com/corrugated-signs/index.html]
[www.houstonsignsandawnings.com/custom-tablecovers/index.html]
[www.houstonsignsandawnings.com/wp-content/themes/mmwm_2025/js/imagesloaded.pkgd.min.js]
[www.houstonsignsandawnings.com/dibond-signs/index.html]
[www.houstonsignsandawnings.com/wp-content/cache/min/1/wp-content/plugins/akismet/_inc/akismet-frontend599f.js]
[www.houstonsignsandawnings.com/digital-signs/index.html]
[www.houstonsignsandawnings.com/door-signs/index.html]
[www.houstonsignsandawnings.com/electronic-signs/index.html]
[www.houstonsignsandawnings.com/wp-content/plugins/formidable-pro/js/frm.min.js]
[www.houstonsignsandawnings.com/index.html]
[www.houstonsignsandawnings.com/wp-content/plugins/wp-rocket/assets/js/lazyload/17.8.3/lazyload.min.js]
[www.houstonsignsandawnings.com/fleet-wraps/index.html]
[www.houstonsignsandawnings.com/informational-signs/index.html]
[www.houstonsignsandawnings.com/foamcore-signs/index.html]
[www.houstonsignsandawnings.com/led-signs/index.html]
[www.houstonsignsandawnings.com/menu-boards/index.html]
[www.houstonsignsandawnings.com/metal-signs/index.html]
[www.houstonsignsandawnings.com/large-banners/index.html]
[www.houstonsignsandawnings.com/portable-signs/index.html]
[www.houstonsignsandawnings.com/wp-json/oembed/1.0/embed0129.json]
[www.houstonsignsandawnings.com/safety-signs/index.html]
[www.houstonsignsandawnings.com/sandblasted-signs/index.html]
[www.houstonsignsandawnings.com/printed-backdrops/index.html]
[www.houstonsignsandawnings.com/wp-json/oembed/1.0/embed10e7]
[www.houstonsignsandawnings.com/tenant-signs/index.html]
[www.houstonsignsandawnings.com/tabletop-displays/index.html]
[www.houstonsignsandawnings.com/temporary-signs/index.html]
[www.houstonsignsandawnings.com/wp-json/wp/v2/pages/754.json]
[www.houstonsignsandawnings.com/wp-content/uploads/2013/09/indoor-signs-new.png]
[www.houstonsignsandawnings.com/trade-show-displays/index.html]
[www.houstonsignsandawnings.com/tradeshow-exhibits/index.html]
[www.houstonsignsandawnings.com/tradeshow-booths/index.html]
[www.houstonsignsandawnings.com/wp-content/uploads/2017/03/elements_massage_int-300x225.jpg]
[www.houstonsignsandawnings.com/truck-wraps/index.html]
[www.houstonsignsandawnings.com/wp-content/uploads/2015/03/promotional-sign-3-300x178.jpg]
[www.houstonsignsandawnings.com/wp-content/uploads/2017/10/floor-vinyl-300x219.jpg]
[www.houstonsignsandawnings.com/window-signs/index.html]
[www.houstonsignsandawnings.com/window-graphics/index.html]
[www.houstonsignsandawnings.com/van-wraps/index.html]
[www.houstonsignsandawnings.com/wp-content/uploads/2018/01/IMG_4105-e1515612894545-150x150.jpg]
[www.houstonsignsandawnings.com/automotive-signs/index.html]
[www.houstonsignsandawnings.com/wp-content/uploads/2018/01/IMG_4122-e1515612906851-150x150.jpg]
[www.houstonsignsandawnings.com/bar-signs/index.html]
[www.houstonsignsandawnings.com/bank-signs/index.html]
[www.houstonsignsandawnings.com/barber-signs/index.html]
[www.houstonsignsandawnings.com/wp-content/uploads/2018/01/IMG_4117-150x150.jpg]
[www.houstonsignsandawnings.com/church-signs/index.html]
[www.houstonsignsandawnings.com/wp-content/uploads/2018/01/IMG_4107-150x150.jpg]
[www.houstonsignsandawnings.com/college-signs/index.html]
[www.houstonsignsandawnings.com/construction-signs/index.html]
[www.houstonsignsandawnings.com/city-signs/index.html]
[www.houstonsignsandawnings.com/wp-content/uploads/2018/02/Trade-Show-set-up-300x225.jpg]
[www.houstonsignsandawnings.com/convenience-store-signs/index.html]
[www.houstonsignsandawnings.com/dealership-signs/index.html]
[www.houstonsignsandawnings.com/corporate-signs/index.html]
[www.houstonsignsandawnings.com/wp-content/uploads/2018/03/vinyl-wall-mural-indoor-install-225x300.jpg]
[www.houstonsignsandawnings.com/doctor-signs/index.html]
[www.houstonsignsandawnings.com/dentist-signs/index.html]
[www.houstonsignsandawnings.com/gas-station-signs/index.html]
[www.houstonsignsandawnings.com/hospitality-signs/index.html]
[www.houstonsignsandawnings.com/wp-content/plugins/wp-rocket/assets/js/wpr-beacon.min.js]
[www.houstonsignsandawnings.com/indoor-signs/index.html]
[www.houstonsignsandawnings.com/hotel-signs/index.html]
[www.houstonsignsandawnings.com/Firefox/index.html]
[www.houstonsignsandawnings.com/hospital-signs/index.html]
[www.houstonsignsandawnings.com/laundromat-signs/index.html]
[www.houstonsignsandawnings.com/lawyer-signs/index.html]
[www.houstonsignsandawnings.com/mall-signs/index.html]
[www.houstonsignsandawnings.com/wp-content/plugins/formidable/images/ajax_loader.gif]
[www.houstonsignsandawnings.com/wp-content/cache/min/1/wp-content/plugins/formidable/css/formidableformse59e.css]
[www.houstonsignsandawnings.com/manufacturing-signs/index.html]
[www.houstonsignsandawnings.com/new-business-signs/index.html]
[www.houstonsignsandawnings.com/wp-content/cache/min/1/ajax/libs/font-awesome/5.11.2/css/all.mine59e.css]
[www.houstonsignsandawnings.com/nursery-signs/index.html]
[www.houstonsignsandawnings.com/political-signs/index.html]
[www.houstonsignsandawnings.com/wp-content/themes/mmwm_2025/css/bootstrap.min.css]
[www.houstonsignsandawnings.com/property-management-signs/index.html]
[www.houstonsignsandawnings.com/restaurant-signs/index.html]
[www.houstonsignsandawnings.com/real-estate-signs/index.html]
[www.houstonsignsandawnings.com/salon-signs/index.html]
[www.houstonsignsandawnings.com/wp-content/themes/mmwm_2025/colorbox/images/overlay.png]
[www.houstonsignsandawnings.com/school-signs/index.html]
[www.houstonsignsandawnings.com/wp-content/themes/mmwm_2025/colorbox/images/controls.png]
[www.houstonsignsandawnings.com/small-business-signs/index.html]
[www.houstonsignsandawnings.com/privacy-policy/index.html]
[www.houstonsignsandawnings.com/warehouse-signs/index.html]
[www.houstonsignsandawnings.com/wp-content/themes/mmwm_2025/colorbox/images/border.png]
[www.houstonsignsandawnings.com/terms-of-service/index.html]
[www.houstonsignsandawnings.com/richmond-tx/index.html]
[www.houstonsignsandawnings.com/wp-content/themes/mmwm_2025/colorbox/images/loading_background.png]
[www.houstonsignsandawnings.com/missouri-city-tx/index.html]
[www.houstonsignsandawnings.com/alief-tx/index.html]
[www.houstonsignsandawnings.com/wp-content/themes/mmwm_2025/colorbox/images/loading.gif]
[www.houstonsignsandawnings.com/wp-content/cache/min/1/wp-content/themes/mmwm_2025/colorbox/colorboxe59e.css]
[www.houstonsignsandawnings.com/rosenberg-tx/index.html]
[www.houstonsignsandawnings.com/sugar-land-tx/index.html]
[www.houstonsignsandawnings.com/wp-content/themes/mmwm_2025/css/ouibounce.min.css]
[www.houstonsignsandawnings.com/custom-signs-alief-tx/index.html]
[www.houstonsignsandawnings.com/wp-content/themes/mmwm_2025/style.css]
[www.houstonsignsandawnings.com/thompsons-tx/index.html]
[www.houstonsignsandawnings.com/wp-content/themes/mmwm_2025/images/reviews/small/sr.png]
[www.houstonsignsandawnings.com/custom-signs-richmond-tx/index.html]
[www.houstonsignsandawnings.com/custom-signs-missouri-city-tx/index.html]
[www.houstonsignsandawnings.com/custom-signs-rosenberg-tx/index.html]
[www.houstonsignsandawnings.com/wp-content/themes/mmwm_2025/images/qgrid.png]
[www.houstonsignsandawnings.com/wp-content/cache/min/1/wp-content/themes/mmwm_2025/theme01/stylee59e.css]
[www.houstonsignsandawnings.com/custom-signs-sugar-land-tx/index.html]
[www.houstonsignsandawnings.com/canopy-tents-alief-tx/index.html]
[www.houstonsignsandawnings.com/custom-signs-thompsons-tx/index.html]
[www.houstonsignsandawnings.com/canopy-tents-missouri-city-tx/index.html]
[www.houstonsignsandawnings.com/canopy-tents-sugar-land-tx/index.html]
[www.houstonsignsandawnings.com/canopy-tents-richmond-tx/index.html]
[www.houstonsignsandawnings.com/canopy-tents-rosenberg-tx/index.html]
[www.houstonsignsandawnings.com/canopy-tents-thompsons-tx/index.html]
[www.houstonsignsandawnings.com/wp-json/oembed/1.0/embed86e3.json]
[www.houstonsignsandawnings.com/indoor-signs-richmond-tx/index.html]
[www.houstonsignsandawnings.com/indoor-signs-missouri-city-tx/index.html]
[www.houstonsignsandawnings.com/indoor-signs-alief-tx/index.html]
[www.houstonsignsandawnings.com/wp-json/oembed/1.0/embede938]
[www.houstonsignsandawnings.com/indoor-signs-thompsons-tx/index.html]
[www.houstonsignsandawnings.com/indoor-signs-sugar-land-tx/index.html]
[www.houstonsignsandawnings.com/indoor-signs-rosenberg-tx/index.html]
[www.houstonsignsandawnings.com/wp-json/wp/v2/pages/103.json]
[www.houstonsignsandawnings.com/wp-content/uploads/2013/09/Side-Side-B.jpg]
[www.houstonsignsandawnings.com/wp-content/uploads/2013/09/Lobby-sign-2024.jpg]
[www.houstonsignsandawnings.com/business-signs-richmond-tx/index.html]
[www.houstonsignsandawnings.com/business-signs-missouri-city-tx/index.html]
[www.houstonsignsandawnings.com/wp-content/uploads/2013/09/photo_2023-12-14_15-04-37.jpg]
[www.houstonsignsandawnings.com/business-signs-alief-tx/index.html]
[www.houstonsignsandawnings.com/wp-content/uploads/2013/09/WhatsApp-Image-2023-12-08-at-07.43.33_066fb7cf.jpg]
[www.houstonsignsandawnings.com/business-signs-sugar-land-tx/index.html]
[www.houstonsignsandawnings.com/business-signs-rosenberg-tx/index.html]
[www.houstonsignsandawnings.com/wp-content/uploads/2013/09/a-abbas.webp]
[www.houstonsignsandawnings.com/business-signs-thompsons-tx/index.html]
[www.houstonsignsandawnings.com/wp-content/uploads/2013/09/rev1.jpg]
[www.houstonsignsandawnings.com/monument-signs-alief-tx/index.html]
[www.houstonsignsandawnings.com/monument-signs-missouri-city-tx/index.html]
[www.houstonsignsandawnings.com/wp-content/uploads/2013/09/rev2.png]
[www.houstonsignsandawnings.com/monument-signs-richmond-tx/index.html]
[www.houstonsignsandawnings.com/wp-content/uploads/2013/09/Store.png]
[www.houstonsignsandawnings.com/monument-signs-sugar-land-tx/index.html]
[www.houstonsignsandawnings.com/monument-signs-rosenberg-tx/index.html]
[www.houstonsignsandawnings.com/wp-content/uploads/2013/09/Screen-Shot-2023-04-26-at-1.56.39-AM.png]
[www.houstonsignsandawnings.com/monument-signs-thompsons-tx/index.html]
[www.houstonsignsandawnings.com/wp-content/uploads/2013/09/Motel6Sign.jpg]
[www.houstonsignsandawnings.com/outdoor-signs-missouri-city-tx/index.html]
[www.houstonsignsandawnings.com/outdoor-signs-alief-tx/index.html]
[www.houstonsignsandawnings.com/wp-content/uploads/2013/09/2023-07-13.jpg]
[www.houstonsignsandawnings.com/outdoor-signs-richmond-tx/index.html]
[www.houstonsignsandawnings.com/wp-content/uploads/2013/09/2023-07-03.jpg]
[www.houstonsignsandawnings.com/outdoor-signs-sugar-land-tx/index.html]
[www.houstonsignsandawnings.com/outdoor-signs-rosenberg-tx/index.html]
[www.houstonsignsandawnings.com/wp-content/uploads/2013/09/2023-11-14.jpg]
[www.houstonsignsandawnings.com/reviews/index.html]
[www.houstonsignsandawnings.com/outdoor-signs-thompsons-tx/index.html]
[www.houstonsignsandawnings.com/metal-signs-missouri-city-tx/index.html]
[www.houstonsignsandawnings.com/metal-signs-alief-tx/index.html]
[www.houstonsignsandawnings.com/metal-signs-richmond-tx/index.html]
[www.houstonsignsandawnings.com/metal-signs-rosenberg-tx/index.html]
[www.houstonsignsandawnings.com/metal-signs-thompsons-tx/index.html]
[www.houstonsignsandawnings.com/metal-signs-sugar-land-tx/index.html]
[www.houstonsignsandawnings.com/sign-repairs-alief-tx/index.html]
[www.houstonsignsandawnings.com/wp-json/oembed/1.0/embed1475.json]
[www.houstonsignsandawnings.com/sign-repairs-missouri-city-tx/index.html]
[www.houstonsignsandawnings.com/sign-repairs-rosenberg-tx/index.html]
[www.houstonsignsandawnings.com/sign-repairs-richmond-tx/index.html]
[www.houstonsignsandawnings.com/wp-json/oembed/1.0/embed6761]
[www.houstonsignsandawnings.com/awning-signs-alief-tx/index.html]
[www.houstonsignsandawnings.com/sign-repairs-sugar-land-tx/index.html]
[www.houstonsignsandawnings.com/sign-repairs-thompsons-tx/index.html]
[www.houstonsignsandawnings.com/wp-json/wp/v2/pages/752.json]
[www.houstonsignsandawnings.com/wp-content/uploads/2013/09/Outdoor-Signs.jpg]
[www.houstonsignsandawnings.com/awning-signs-rosenberg-tx/index.html]
[www.houstonsignsandawnings.com/awning-signs-richmond-tx/index.html]
[www.houstonsignsandawnings.com/wp-content/uploads/2020/05/awnings-8-300x225.jpg]
[www.houstonsignsandawnings.com/awning-signs-missouri-city-tx/index.html]
[www.houstonsignsandawnings.com/wp-content/uploads/2018/03/awning-outdoor-canopy-storefront-building-lightbox-sign-298x300.jpg]
[www.houstonsignsandawnings.com/awning-signs-sugar-land-tx/index.html]
[www.houstonsignsandawnings.com/wp-content/uploads/2013/09/channel-letter-storefront-outdoor-building-e1590775795316-300x235.jpg]
[www.houstonsignsandawnings.com/pole-signs-alief-tx/index.html]
[www.houstonsignsandawnings.com/awning-signs-thompsons-tx/index.html]
[www.houstonsignsandawnings.com/pole-signs-missouri-city-tx/index.html]
[www.houstonsignsandawnings.com/wp-content/uploads/2018/03/channel-letters-illuminated-building-outdoor-sign-300x225.jpg]
[www.houstonsignsandawnings.com/pole-signs-richmond-tx/index.html]
[www.houstonsignsandawnings.com/wp-content/uploads/2018/07/storefront-vinyl-window-graphics-display-outdoor-e1533154402601-300x232.jpg]
[www.houstonsignsandawnings.com/wp-content/uploads/2017/11/Monument-Foam-300x183.jpg]
[www.houstonsignsandawnings.com/wp-content/uploads/2018/03/custom-lighted-led-pole-pylon-sign-300x225.jpg]
[www.houstonsignsandawnings.com/pole-signs-sugar-land-tx/index.html]
[www.houstonsignsandawnings.com/wp-content/uploads/2013/09/storefront-cabinet-outdoor-building-300x225.jpg]
[www.houstonsignsandawnings.com/pole-signs-rosenberg-tx/index.html]
[www.houstonsignsandawnings.com/pole-signs-thompsons-tx/index.html]
[www.houstonsignsandawnings.com/wp-content/uploads/2013/09/channel-letter-install-fab-300x225.jpg]
[www.houstonsignsandawnings.com/indoor-signs/Firefox/index.html]
[www.houstonsignsandawnings.com/reviews/Firefox/index.html]
[www.houstonsignsandawnings.com/outdoor-signs/index.html]
[www.houstonsignsandawnings.com/outdoor-signs/Firefox/index.html]
[www.houstonsignsandawnings.com/write-a-review/index.html]
[www.houstonsignsandawnings.com/wp-json/oembed/1.0/embed2a3c.json]
[www.houstonsignsandawnings.com/awning-signs/Firefox/index.html]
[www.houstonsignsandawnings.com/wp-json/oembed/1.0/embed5ee6]
[www.houstonsignsandawnings.com/wp-content/uploads/2013/09/Awning-Signs.jpg]
[www.houstonsignsandawnings.com/wp-json/wp/v2/pages/2635.json]
[www.houstonsignsandawnings.com/wp-content/uploads/2020/05/awnings-7-300x225.jpg]
[www.houstonsignsandawnings.com/wp-content/uploads/2020/05/awnings-5-300x225.jpg]
[www.houstonsignsandawnings.com/awning-signs/index.html]
[www.houstonsignsandawnings.com/wp-json/oembed/1.0/embedad44.json]
[www.houstonsignsandawnings.com/wp-json/oembed/1.0/embed7426]
[www.houstonsignsandawnings.com/wp-content/uploads/2013/09/Window-Signs.png]
[www.houstonsignsandawnings.com/wp-json/wp/v2/pages/764.json]
[www.houstonsignsandawnings.com/vehicle-wraps/Firefox/index.html]
[www.houstonsignsandawnings.com/wp-content/uploads/2018/06/custom-vehicle-vinyl-car-wrap-graphics-300x169.jpg]
[www.houstonsignsandawnings.com/wp-content/uploads/2017/03/vehicle-wrap-options.jpg]
[www.houstonsignsandawnings.com/wp-content/uploads/2018/07/truck-wrap-vehicle-custom-300x169.jpg]
[www.houstonsignsandawnings.com/wp-content/uploads/2018/07/vehicle-wrap-car-graphics-vinyl-e1530545657248-300x153.jpg]
[www.houstonsignsandawnings.com/wp-content/uploads/2018/06/custom-vinyl-vehicle-wrap-graphics-lettering-partial-e1529428065861-300x200.jpg]
[www.houstonsignsandawnings.com/wp-content/uploads/2018/06/Car-vehicle-Magnet-300x225.jpg]
[www.houstonsignsandawnings.com/wp-content/uploads/2018/03/custom-vehicle-wrap-graphics-window-perforated-film-e1520536059534-300x168.jpg]
[www.houstonsignsandawnings.com/wp-content/uploads/2018/07/custom-food-truck-vinyl-wrap-vehicle-300x198.png]
[www.houstonsignsandawnings.com/wp-content/uploads/2017/03/fleet-wrap-300x225.png]
[www.houstonsignsandawnings.com/wp-content/uploads/2017/03/Mango-vehicle-car-Wrap-300x200.jpg]
[www.houstonsignsandawnings.com/wp-content/uploads/2018/07/custom-boat-vehicle-vinyl-wrap-300x200.jpg]
[www.houstonsignsandawnings.com/wp-content/uploads/2018/01/custom-vehicle-graphics-vinyl-outdoor-300x204.jpg]
[www.houstonsignsandawnings.com/wp-content/uploads/2018/03/custom-vinyl-vehicle-wrap-installation-graphics-300x221.jpg]
[www.houstonsignsandawnings.com/vehicle-wraps/index.html]
[www.houstonsignsandawnings.com/wp-json/oembed/1.0/embed3b0e.json]
[www.houstonsignsandawnings.com/wp-json/oembed/1.0/embedf428]
[www.houstonsignsandawnings.com/wp-content/uploads/2013/09/custom-sign-indoors.webp]
[www.houstonsignsandawnings.com/wp-json/wp/v2/pages/750.json]
[www.houstonsignsandawnings.com/wp-content/uploads/2018/03/custom-building-storefront-outdoor-sign-300x300.jpg]
[www.houstonsignsandawnings.com/wp-content/uploads/2015/03/IMG_4252-150x150.jpg]
[www.houstonsignsandawnings.com/custom-signs/Firefox/index.html]
[www.houstonsignsandawnings.com/wp-content/uploads/2017/03/IMG_4243-e1510592895752-150x150.jpg]
[www.houstonsignsandawnings.com/wp-content/uploads/2018/03/IMG_4462-150x150.jpg]
[www.houstonsignsandawnings.com/wp-content/uploads/2017/03/IMG_4456-150x150.jpg]
[www.houstonsignsandawnings.com/wp-content/uploads/2018/07/Godwin-Lobby-sign-300x168.jpg]
[www.houstonsignsandawnings.com/wp-content/uploads/2013/09/banner-sign-large-format-outdoor-300x169.jpg]
[www.houstonsignsandawnings.com/custom-signs/index.html]
[www.houstonsignsandawnings.com/wp-json/oembed/1.0/embed866e.json]
[www.houstonsignsandawnings.com/wp-json/oembed/1.0/embed4b1c]
[www.houstonsignsandawnings.com/business-signs/Firefox/index.html]
[www.houstonsignsandawnings.com/wp-content/uploads/2013/09/business-signs.jpg]
[www.houstonsignsandawnings.com/wp-json/wp/v2/pages/2114.json]
[www.houstonsignsandawnings.com/wp-content/uploads/2018/07/outdoor-lighted-awning-channel-letters-gas-station-vinyl-300x225.jpg]
[www.houstonsignsandawnings.com/wp-content/uploads/2018/07/collection-indoor-lobby-sign-e1530545883101-300x207.jpg]
[www.houstonsignsandawnings.com/wp-content/uploads/2018/07/collection-coming-soon-banner-150x150.jpg]
[www.houstonsignsandawnings.com/wp-content/uploads/2018/07/monument-sign-outdoor-150x150.jpg]
[www.houstonsignsandawnings.com/wp-content/uploads/2018/07/window-door-outdoor-sign-vinyl-cling-150x150.jpg]
[www.houstonsignsandawnings.com/wp-content/uploads/2018/07/channel-letters-banner-outdoor-storefront-building-illuminated-backlit-sign-150x150.jpg]
[www.houstonsignsandawnings.com/wp-content/uploads/2013/09/product-displays-300x176.jpg]
[www.houstonsignsandawnings.com/business-signs/index.html]
[www.houstonsignsandawnings.com/wp-json/oembed/1.0/embed2d7b.json]
[www.houstonsignsandawnings.com/wp-json/oembed/1.0/embedddd2]
[www.houstonsignsandawnings.com/contact-us/Firefox/index.html]
[www.houstonsignsandawnings.com/contact-us/index.html]
[www.houstonsignsandawnings.com/wp-json/wp/v2/pages/82.json]
[www.houstonsignsandawnings.com/promotional-signs/index.html]
[www.houstonsignsandawnings.com/office-signs/index.html]
[www.houstonsignsandawnings.com/promotional-signs/Firefox/index.html]
[www.houstonsignsandawnings.com/banners/index.html]
[www.houstonsignsandawnings.com/office-signs/Firefox/index.html]
[www.houstonsignsandawnings.com/dimensional-letters/index.html]
[www.houstonsignsandawnings.com/banners/Firefox/index.html]
[www.houstonsignsandawnings.com/hanging-signs/index.html]
[www.houstonsignsandawnings.com/dimensional-letters/Firefox/index.html]
[www.houstonsignsandawnings.com/blade-signs/index.html]
[www.houstonsignsandawnings.com/hanging-signs/Firefox/index.html]
[www.houstonsignsandawnings.com/retail-signs/index.html]
[www.houstonsignsandawnings.com/blade-signs/Firefox/index.html]
[www.houstonsignsandawnings.com/cabinet-signs/index.html]
[www.houstonsignsandawnings.com/retail-signs/Firefox/index.html]
[www.houstonsignsandawnings.com/channel-letters/index.html]
[www.houstonsignsandawnings.com/cabinet-signs/Firefox/index.html]
[www.houstonsignsandawnings.com/lighted-signs/index.html]
[www.houstonsignsandawnings.com/channel-letters/Firefox/index.html]
[www.houstonsignsandawnings.com/lighted-signs/Firefox/index.html]
[www.houstonsignsandawnings.com/wp-json/oembed/1.0/embedd9d3.json]
[www.houstonsignsandawnings.com/monument-signs/Firefox/index.html]
[www.houstonsignsandawnings.com/wp-json/oembed/1.0/embed823a]
[www.houstonsignsandawnings.com/wp-content/uploads/2013/09/monument-signs-1.webp]
[www.houstonsignsandawnings.com/wp-json/wp/v2/pages/2063.json]
[www.houstonsignsandawnings.com/wp-content/uploads/2017/12/monument-sign-300x224.png]
[www.houstonsignsandawnings.com/wp-content/uploads/2017/09/monument-4-300x214.jpg]
[www.houstonsignsandawnings.com/wp-content/uploads/2017/09/2-64-300x214.jpg]
[www.houstonsignsandawnings.com/monument-signs/index.html]
[www.houstonsignsandawnings.com/wp-json/oembed/1.0/embed8423.json]
[www.houstonsignsandawnings.com/wp-json/oembed/1.0/embed707e]
[www.houstonsignsandawnings.com/wp-json/wp/v2/pages/2053.json]
[www.houstonsignsandawnings.com/wp-content/uploads/2013/09/pole-pylon-signs.jpg]
[www.houstonsignsandawnings.com/wp-content/uploads/2017/09/storefront-signs-e1505232237364-167x300.jpg]
[www.houstonsignsandawnings.com/wp-content/uploads/2017/09/0092_Dairy_Queen_Bendsen_Sign__Graphics_W_19mm_80x176_Bloomington_IL_101718-1-300x225.jpg]
[www.houstonsignsandawnings.com/pole-signs/Firefox/index.html]
[www.houstonsignsandawnings.com/wp-content/uploads/2017/09/tenant-pole-pylon-225x300.jpg]
[www.houstonsignsandawnings.com/pole-signs/index.html]
[www.houstonsignsandawnings.com/post-panel-signs/index.html]
[www.houstonsignsandawnings.com/pylon-signs/index.html]
[www.houstonsignsandawnings.com/post-panel-signs/Firefox/index.html]
[www.houstonsignsandawnings.com/storefront-signs/index.html]
[www.houstonsignsandawnings.com/pylon-signs/Firefox/index.html]
[www.houstonsignsandawnings.com/storefront-signs/Firefox/index.html]
[www.houstonsignsandawnings.com/wp-json/oembed/1.0/embed2783.json]
[www.houstonsignsandawnings.com/sign-repairs/Firefox/index.html]
[www.houstonsignsandawnings.com/wp-json/oembed/1.0/embedb23e]
[www.houstonsignsandawnings.com/wp-json/wp/v2/pages/5322.json]
[www.houstonsignsandawnings.com/sign-repairs/index.html]
[www.houstonsignsandawnings.com/wp-json/oembed/1.0/embed0f2d.json]
[www.houstonsignsandawnings.com/wp-json/oembed/1.0/embed64a4]
[www.houstonsignsandawnings.com/high-rise-signs/Firefox/index.html]
[www.houstonsignsandawnings.com/wp-content/uploads/2013/09/Houston-Signs-images-slider.jpg]
[www.houstonsignsandawnings.com/wp-json/wp/v2/pages/5350.json]
[www.houstonsignsandawnings.com/wp-content/uploads/2024/07/HighRise-Signs-8-300x209.jpg]
[www.houstonsignsandawnings.com/wp-content/uploads/2024/07/HighRise-Signs-12-300x229.jpg]
[www.houstonsignsandawnings.com/wp-content/uploads/2024/07/HighRise-Signs-9-300x200.jpg]
[www.houstonsignsandawnings.com/wp-content/uploads/2024/07/HighRise-Signs-11-300x200.jpg]
[www.houstonsignsandawnings.com/wp-content/uploads/2024/07/HighRise-Signs-7-300x200.jpg]
[www.houstonsignsandawnings.com/high-rise-signs/index.html]
[www.houstonsignsandawnings.com/wayfinding-signs/index.html]
[www.houstonsignsandawnings.com/floor-signs/index.html]
[www.houstonsignsandawnings.com/wayfinding-signs/Firefox/index.html]
[www.houstonsignsandawnings.com/lobby-signs/index.html]
[www.houstonsignsandawnings.com/floor-signs/Firefox/index.html]
[www.houstonsignsandawnings.com/pop-signs/index.html]
[www.houstonsignsandawnings.com/lobby-signs/Firefox/index.html]
[www.houstonsignsandawnings.com/room-id-signs/index.html]
[www.houstonsignsandawnings.com/pop-signs/Firefox/index.html]
[www.houstonsignsandawnings.com/wall-signs/index.html]
[www.houstonsignsandawnings.com/room-id-signs/Firefox/index.html]
[www.houstonsignsandawnings.com/car-wraps/index.html]
[www.houstonsignsandawnings.com/wall-signs/Firefox/index.html]
[www.houstonsignsandawnings.com/ada-signs/index.html]
[www.houstonsignsandawnings.com/car-wraps/Firefox/index.html]
[www.houstonsignsandawnings.com/acrylic-signs/index.html]
[www.houstonsignsandawnings.com/ada-signs/Firefox/index.html]
[www.houstonsignsandawnings.com/building-signs/index.html]
[www.houstonsignsandawnings.com/acrylic-signs/Firefox/index.html]
[www.houstonsignsandawnings.com/building-signs/Firefox/index.html]
[www.houstonsignsandawnings.com/wp-json/oembed/1.0/embed4f4c.json]
[www.houstonsignsandawnings.com/wp-json/oembed/1.0/embedccaa]
[www.houstonsignsandawnings.com/canopy-tents/Firefox/index.html]
[www.houstonsignsandawnings.com/wp-content/uploads/2013/09/canopy-custom-tents.webp]
[www.houstonsignsandawnings.com/wp-json/wp/v2/pages/3418.json]
[www.houstonsignsandawnings.com/wp-content/uploads/2018/09/tradeshow-display-booth-exhibit-banner-tent-canopy-300x234.jpg]
[www.houstonsignsandawnings.com/wp-content/uploads/2018/07/awning-outdoor-canopy-storefront-building-lightbox-sign-e1532104336130-300x221.jpg]
[www.houstonsignsandawnings.com/wp-content/uploads/2018/09/tradeshow-canopy-outdoor-promotional-300x300.jpg]
[www.houstonsignsandawnings.com/wp-content/uploads/2018/09/Holtkamp-Trade-Show-Graphics-e1536773781167-300x194.jpg]
[www.houstonsignsandawnings.com/canopy-tents/index.html]
[www.houstonsignsandawnings.com/coronavirus-signage/index.html]
[www.houstonsignsandawnings.com/corrugated-signs/index.html]
[www.houstonsignsandawnings.com/coronavirus-signage/Firefox/index.html]
[www.houstonsignsandawnings.com/custom-tablecovers/index.html]
[www.houstonsignsandawnings.com/corrugated-signs/Firefox/index.html]
[www.houstonsignsandawnings.com/dibond-signs/index.html]
[www.houstonsignsandawnings.com/custom-tablecovers/Firefox/index.html]
[www.houstonsignsandawnings.com/digital-signs/index.html]
[www.houstonsignsandawnings.com/dibond-signs/Firefox/index.html]
[www.houstonsignsandawnings.com/door-signs/index.html]
[www.houstonsignsandawnings.com/digital-signs/Firefox/index.html]
[www.houstonsignsandawnings.com/electronic-signs/index.html]
[www.houstonsignsandawnings.com/door-signs/Firefox/index.html]
[www.houstonsignsandawnings.com/fleet-wraps/index.html]
[www.houstonsignsandawnings.com/electronic-signs/Firefox/index.html]
[www.houstonsignsandawnings.com/foamcore-signs/index.html]
[www.houstonsignsandawnings.com/fleet-wraps/Firefox/index.html]
[www.houstonsignsandawnings.com/informational-signs/index.html]
[www.houstonsignsandawnings.com/foamcore-signs/Firefox/index.html]
[www.houstonsignsandawnings.com/led-signs/index.html]
[www.houstonsignsandawnings.com/informational-signs/Firefox/index.html]
[www.houstonsignsandawnings.com/large-banners/index.html]
[www.houstonsignsandawnings.com/led-signs/Firefox/index.html]
[www.houstonsignsandawnings.com/menu-boards/index.html]
[www.houstonsignsandawnings.com/large-banners/Firefox/index.html]
[www.houstonsignsandawnings.com/menu-boards/Firefox/index.html]
[www.houstonsignsandawnings.com/wp-json/oembed/1.0/embedcf5d.json]
[www.houstonsignsandawnings.com/metal-signs/Firefox/index.html]
[www.houstonsignsandawnings.com/wp-json/oembed/1.0/embed7200]
[www.houstonsignsandawnings.com/wp-content/uploads/2013/09/Metal-Signs.png]
[www.houstonsignsandawnings.com/wp-json/wp/v2/pages/2751.json]
[www.houstonsignsandawnings.com/wp-content/uploads/2018/06/custom-storefront-wood-dimensional-metal-letters-outdoor-300x250.jpg]
[www.houstonsignsandawnings.com/wp-content/uploads/2018/06/dimensional-letters-storefront-custom-outdoor-300x169.jpg]
[www.houstonsignsandawnings.com/wp-content/uploads/2018/06/custom-parking-outdoor-metal-traffic-sign-safety-wayfinding-256x300.jpg]
[www.houstonsignsandawnings.com/wp-content/uploads/2018/06/custom-lobby-indoor-sign-300x169.jpg]
[www.houstonsignsandawnings.com/wp-content/uploads/2018/06/custom-lighted-lobby-indoor-sign-150x150.jpg]
[www.houstonsignsandawnings.com/wp-content/uploads/2018/06/lobby-sign-indoor-metal-150x150.jpg]
[www.houstonsignsandawnings.com/wp-content/uploads/2018/06/lobby-sign-150x150.jpg]
[www.houstonsignsandawnings.com/wp-content/uploads/2018/06/indoor-lobby-lobo-custom-150x150.jpg]
[www.houstonsignsandawnings.com/metal-signs/index.html]
[www.houstonsignsandawnings.com/portable-signs/index.html]
[www.houstonsignsandawnings.com/printed-backdrops/index.html]
[www.houstonsignsandawnings.com/portable-signs/Firefox/index.html]
[www.houstonsignsandawnings.com/printed-backdrops/Firefox/index.html]
[www.houstonsignsandawnings.com/safety-signs/index.html]
[www.houstonsignsandawnings.com/sandblasted-signs/index.html]
[www.houstonsignsandawnings.com/safety-signs/Firefox/index.html]
[www.houstonsignsandawnings.com/tabletop-displays/index.html]
[www.houstonsignsandawnings.com/sandblasted-signs/Firefox/index.html]
[www.houstonsignsandawnings.com/temporary-signs/index.html]
[www.houstonsignsandawnings.com/tabletop-displays/Firefox/index.html]
[www.houstonsignsandawnings.com/tenant-signs/index.html]
[www.houstonsignsandawnings.com/temporary-signs/Firefox/index.html]
[www.houstonsignsandawnings.com/trade-show-displays/index.html]
[www.houstonsignsandawnings.com/tenant-signs/Firefox/index.html]
[www.houstonsignsandawnings.com/tradeshow-booths/index.html]
[www.houstonsignsandawnings.com/trade-show-displays/Firefox/index.html]
[www.houstonsignsandawnings.com/tradeshow-exhibits/index.html]
[www.houstonsignsandawnings.com/tradeshow-booths/Firefox/index.html]
[www.houstonsignsandawnings.com/truck-wraps/index.html]
[www.houstonsignsandawnings.com/tradeshow-exhibits/Firefox/index.html]
[www.houstonsignsandawnings.com/van-wraps/index.html]
[www.houstonsignsandawnings.com/truck-wraps/Firefox/index.html]
[www.houstonsignsandawnings.com/window-graphics/index.html]
[www.houstonsignsandawnings.com/van-wraps/Firefox/index.html]
[www.houstonsignsandawnings.com/window-signs/index.html]
[www.houstonsignsandawnings.com/window-graphics/Firefox/index.html]
[www.houstonsignsandawnings.com/automotive-signs/index.html]
[www.houstonsignsandawnings.com/window-signs/Firefox/index.html]
[www.houstonsignsandawnings.com/bank-signs/index.html]
[www.houstonsignsandawnings.com/automotive-signs/Firefox/index.html]
[www.houstonsignsandawnings.com/bar-signs/index.html]
[www.houstonsignsandawnings.com/bank-signs/Firefox/index.html]
[www.houstonsignsandawnings.com/barber-signs/index.html]
[www.houstonsignsandawnings.com/bar-signs/Firefox/index.html]
[www.houstonsignsandawnings.com/church-signs/index.html]
[www.houstonsignsandawnings.com/barber-signs/Firefox/index.html]
[www.houstonsignsandawnings.com/city-signs/index.html]
[www.houstonsignsandawnings.com/church-signs/Firefox/index.html]
[www.houstonsignsandawnings.com/college-signs/index.html]
[www.houstonsignsandawnings.com/city-signs/Firefox/index.html]
[www.houstonsignsandawnings.com/construction-signs/index.html]
[www.houstonsignsandawnings.com/college-signs/Firefox/index.html]
[www.houstonsignsandawnings.com/convenience-store-signs/index.html]
[www.houstonsignsandawnings.com/construction-signs/Firefox/index.html]
[www.houstonsignsandawnings.com/corporate-signs/index.html]
[www.houstonsignsandawnings.com/convenience-store-signs/Firefox/index.html]
[www.houstonsignsandawnings.com/dealership-signs/index.html]
[www.houstonsignsandawnings.com/corporate-signs/Firefox/index.html]
[www.houstonsignsandawnings.com/dentist-signs/index.html]
[www.houstonsignsandawnings.com/dealership-signs/Firefox/index.html]
[www.houstonsignsandawnings.com/doctor-signs/index.html]
[www.houstonsignsandawnings.com/dentist-signs/Firefox/index.html]
[www.houstonsignsandawnings.com/gas-station-signs/index.html]
[www.houstonsignsandawnings.com/doctor-signs/Firefox/index.html]
[www.houstonsignsandawnings.com/hospital-signs/index.html]
[www.houstonsignsandawnings.com/gas-station-signs/Firefox/index.html]
[www.houstonsignsandawnings.com/hospitality-signs/index.html]
[www.houstonsignsandawnings.com/hospital-signs/Firefox/index.html]
[www.houstonsignsandawnings.com/hotel-signs/index.html]
[www.houstonsignsandawnings.com/hospitality-signs/Firefox/index.html]
[www.houstonsignsandawnings.com/laundromat-signs/index.html]
[www.houstonsignsandawnings.com/hotel-signs/Firefox/index.html]
[www.houstonsignsandawnings.com/lawyer-signs/index.html]
[www.houstonsignsandawnings.com/laundromat-signs/Firefox/index.html]
[www.houstonsignsandawnings.com/mall-signs/index.html]
[www.houstonsignsandawnings.com/lawyer-signs/Firefox/index.html]
[www.houstonsignsandawnings.com/manufacturing-signs/index.html]
[www.houstonsignsandawnings.com/mall-signs/Firefox/index.html]
[www.houstonsignsandawnings.com/new-business-signs/index.html]
[www.houstonsignsandawnings.com/manufacturing-signs/Firefox/index.html]
[www.houstonsignsandawnings.com/nursery-signs/index.html]
[www.houstonsignsandawnings.com/new-business-signs/Firefox/index.html]
[www.houstonsignsandawnings.com/political-signs/index.html]
[www.houstonsignsandawnings.com/nursery-signs/Firefox/index.html]
[www.houstonsignsandawnings.com/property-management-signs/index.html]
[www.houstonsignsandawnings.com/political-signs/Firefox/index.html]
[www.houstonsignsandawnings.com/real-estate-signs/index.html]
[www.houstonsignsandawnings.com/property-management-signs/Firefox/index.html]
[www.houstonsignsandawnings.com/restaurant-signs/index.html]
[www.houstonsignsandawnings.com/real-estate-signs/Firefox/index.html]
[www.houstonsignsandawnings.com/salon-signs/index.html]
[www.houstonsignsandawnings.com/restaurant-signs/Firefox/index.html]
[www.houstonsignsandawnings.com/school-signs/index.html]
[www.houstonsignsandawnings.com/salon-signs/Firefox/index.html]
[www.houstonsignsandawnings.com/small-business-signs/index.html]
[www.houstonsignsandawnings.com/school-signs/Firefox/index.html]
[www.houstonsignsandawnings.com/warehouse-signs/index.html]
[www.houstonsignsandawnings.com/small-business-signs/Firefox/index.html]
[www.houstonsignsandawnings.com/warehouse-signs/Firefox/index.html]
[www.houstonsignsandawnings.com/wp-json/oembed/1.0/embed5a20.json]
[www.houstonsignsandawnings.com/privacy-policy/Firefox/index.html]
[www.houstonsignsandawnings.com/wp-json/oembed/1.0/embedbc96]
[www.houstonsignsandawnings.com/wp-json/wp/v2/pages/339.json]
[www.houstonsignsandawnings.com/privacy-policy/index.html]
[www.houstonsignsandawnings.com/wp-json/oembed/1.0/embed1815.json]
[www.houstonsignsandawnings.com/wp-json/oembed/1.0/embed09d6]
[www.houstonsignsandawnings.com/wp-json/wp/v2/pages/431.json]
[www.houstonsignsandawnings.com/terms-of-service/index.html]
[www.houstonsignsandawnings.com/terms-of-service/Firefox/index.html]
[www.houstonsignsandawnings.com/wp-json/oembed/1.0/embed0fe5.json]
[www.houstonsignsandawnings.com/wp-json/oembed/1.0/embed787e]
[www.houstonsignsandawnings.com/alief-tx/Firefox/index.html]
[www.houstonsignsandawnings.com/wp-json/wp/v2/pages/4794.json]
[www.houstonsignsandawnings.com/wp-content/uploads/2018/06/indoor-lobby-wall-mural-waiting-room-vinyl-300x225.jpg]
[www.houstonsignsandawnings.com/wp-content/uploads/2013/09/houston-logo-300x33.png]
[www.houstonsignsandawnings.com/alief-tx/index.html]
[www.houstonsignsandawnings.com/vinyl-signs/index.html]
[www.houstonsignsandawnings.com/wp-json/oembed/1.0/embed22a3.json]
[www.houstonsignsandawnings.com/wp-json/oembed/1.0/embedb7d3]
[www.houstonsignsandawnings.com/missouri-city-tx/Firefox/index.html]
[www.houstonsignsandawnings.com/wp-json/wp/v2/pages/4795.json]
[www.houstonsignsandawnings.com/missouri-city-tx/index.html]
[www.houstonsignsandawnings.com/wp-json/oembed/1.0/embed78c9.json]
[www.houstonsignsandawnings.com/wp-json/oembed/1.0/embed5fa1]
[www.houstonsignsandawnings.com/wp-json/wp/v2/pages/4796.json]
[www.houstonsignsandawnings.com/richmond-tx/Firefox/index.html]
[www.houstonsignsandawnings.com/richmond-tx/index.html]
[www.houstonsignsandawnings.com/wp-json/oembed/1.0/embed27d3.json]
[www.houstonsignsandawnings.com/wp-json/oembed/1.0/embedd880]
[www.houstonsignsandawnings.com/wp-json/wp/v2/pages/4797.json]
[www.houstonsignsandawnings.com/rosenberg-tx/Firefox/index.html]
[www.houstonsignsandawnings.com/rosenberg-tx/index.html]
[www.houstonsignsandawnings.com/wp-json/oembed/1.0/embed7999.json]
[www.houstonsignsandawnings.com/wp-json/oembed/1.0/embed984c]
[www.houstonsignsandawnings.com/wp-json/wp/v2/pages/4798.json]
[www.houstonsignsandawnings.com/sugar-land-tx/Firefox/index.html]
[www.houstonsignsandawnings.com/sugar-land-tx/index.html]
[www.houstonsignsandawnings.com/wp-json/oembed/1.0/embed35b5.json]
[www.houstonsignsandawnings.com/wp-json/oembed/1.0/embed339b]
[www.houstonsignsandawnings.com/thompsons-tx/Firefox/index.html]
[www.houstonsignsandawnings.com/wp-json/wp/v2/pages/4799.json]
[www.houstonsignsandawnings.com/thompsons-tx/index.html]
[www.houstonsignsandawnings.com/wp-json/oembed/1.0/embed791f.json]
[www.houstonsignsandawnings.com/wp-json/oembed/1.0/embedbcc8]
[www.houstonsignsandawnings.com/wp-json/wp/v2/pages/4834.json]
[www.houstonsignsandawnings.com/custom-signs-alief-tx/index.html]
[www.houstonsignsandawnings.com/custom-signs-alief-tx/Firefox/index.html]
[www.houstonsignsandawnings.com/wp-json/oembed/1.0/embed4c4a.json]
[www.houstonsignsandawnings.com/wp-json/oembed/1.0/embed6d9e]
[www.houstonsignsandawnings.com/wp-json/wp/v2/pages/4835.json]
[www.houstonsignsandawnings.com/custom-signs-missouri-city-tx/index.html]
[www.houstonsignsandawnings.com/custom-signs-missouri-city-tx/Firefox/index.html]
[www.houstonsignsandawnings.com/wp-json/oembed/1.0/embed7113.json]
[www.houstonsignsandawnings.com/wp-json/oembed/1.0/embedaee7]
[www.houstonsignsandawnings.com/custom-signs-richmond-tx/Firefox/index.html]
[www.houstonsignsandawnings.com/wp-json/wp/v2/pages/4836.json]
[www.houstonsignsandawnings.com/custom-signs-richmond-tx/index.html]
[www.houstonsignsandawnings.com/wp-json/oembed/1.0/embedab20.json]
[www.houstonsignsandawnings.com/wp-json/oembed/1.0/embededfe]
[www.houstonsignsandawnings.com/custom-signs-rosenberg-tx/Firefox/index.html]
[www.houstonsignsandawnings.com/wp-json/wp/v2/pages/4837.json]
[www.houstonsignsandawnings.com/custom-signs-rosenberg-tx/index.html]
[www.houstonsignsandawnings.com/wp-json/oembed/1.0/embed55a7.json]
[www.houstonsignsandawnings.com/wp-json/oembed/1.0/embedddf1]
[www.houstonsignsandawnings.com/wp-json/wp/v2/pages/4838.json]
[www.houstonsignsandawnings.com/custom-signs-sugar-land-tx/Firefox/index.html]
[www.houstonsignsandawnings.com/custom-signs-sugar-land-tx/index.html]
[www.houstonsignsandawnings.com/wp-json/oembed/1.0/embedf1ba.json]
[www.houstonsignsandawnings.com/wp-json/oembed/1.0/embedb242]
[www.houstonsignsandawnings.com/wp-json/wp/v2/pages/4839.json]
[www.houstonsignsandawnings.com/custom-signs-thompsons-tx/index.html]
[www.houstonsignsandawnings.com/custom-signs-thompsons-tx/Firefox/index.html]
[www.houstonsignsandawnings.com/wp-json/oembed/1.0/embedb073.json]
[www.houstonsignsandawnings.com/wp-json/oembed/1.0/embedad33]
[www.houstonsignsandawnings.com/canopy-tents-alief-tx/Firefox/index.html]
[www.houstonsignsandawnings.com/wp-json/wp/v2/pages/5127.json]
[www.houstonsignsandawnings.com/canopy-tents-alief-tx/index.html]
[www.houstonsignsandawnings.com/wp-json/oembed/1.0/embedcbcc.json]
[www.houstonsignsandawnings.com/wp-json/oembed/1.0/embede9a7]
[www.houstonsignsandawnings.com/canopy-tents-missouri-city-tx/Firefox/index.html]
[www.houstonsignsandawnings.com/wp-json/wp/v2/pages/5129.json]
[www.houstonsignsandawnings.com/canopy-tents-missouri-city-tx/index.html]
[www.houstonsignsandawnings.com/wp-json/oembed/1.0/embed6317.json]
[www.houstonsignsandawnings.com/wp-json/oembed/1.0/embedb78f]
[www.houstonsignsandawnings.com/canopy-tents-richmond-tx/Firefox/index.html]
[www.houstonsignsandawnings.com/wp-json/wp/v2/pages/5131.json]
[www.houstonsignsandawnings.com/canopy-tents-richmond-tx/index.html]
[www.houstonsignsandawnings.com/wp-json/oembed/1.0/embedf91c.json]
[www.houstonsignsandawnings.com/wp-json/oembed/1.0/embed379c]
[www.houstonsignsandawnings.com/canopy-tents-rosenberg-tx/Firefox/index.html]
[www.houstonsignsandawnings.com/wp-json/wp/v2/pages/5133.json]
[www.houstonsignsandawnings.com/canopy-tents-rosenberg-tx/index.html]
[www.houstonsignsandawnings.com/wp-json/oembed/1.0/embed5e0b.json]
[www.houstonsignsandawnings.com/wp-json/oembed/1.0/embed8226]
[www.houstonsignsandawnings.com/canopy-tents-sugar-land-tx/Firefox/index.html]
[www.houstonsignsandawnings.com/wp-json/wp/v2/pages/5135.json]
[www.houstonsignsandawnings.com/canopy-tents-sugar-land-tx/index.html]
[www.houstonsignsandawnings.com/wp-json/oembed/1.0/embed353a.json]
[www.houstonsignsandawnings.com/wp-json/oembed/1.0/embed4b5d]
[www.houstonsignsandawnings.com/canopy-tents-thompsons-tx/Firefox/index.html]
[www.houstonsignsandawnings.com/wp-json/wp/v2/pages/5137.json]
[www.houstonsignsandawnings.com/canopy-tents-thompsons-tx/index.html]
[www.houstonsignsandawnings.com/wp-json/oembed/1.0/embed93d6.json]
[www.houstonsignsandawnings.com/wp-json/oembed/1.0/embed7d17]
[www.houstonsignsandawnings.com/indoor-signs-alief-tx/Firefox/index.html]
[www.houstonsignsandawnings.com/wp-json/wp/v2/pages/4802.json]
[www.houstonsignsandawnings.com/indoor-signs-alief-tx/index.html]
[www.houstonsignsandawnings.com/wp-json/oembed/1.0/embedffb9.json]
[www.houstonsignsandawnings.com/wp-json/oembed/1.0/embed3d4d]
[www.houstonsignsandawnings.com/indoor-signs-missouri-city-tx/Firefox/index.html]
[www.houstonsignsandawnings.com/wp-json/wp/v2/pages/4803.json]
[www.houstonsignsandawnings.com/indoor-signs-missouri-city-tx/index.html]
[www.houstonsignsandawnings.com/wp-json/oembed/1.0/embed4f51.json]
[www.houstonsignsandawnings.com/wp-json/oembed/1.0/embed480f]
[www.houstonsignsandawnings.com/indoor-signs-richmond-tx/Firefox/index.html]
[www.houstonsignsandawnings.com/wp-json/wp/v2/pages/4804.json]
[www.houstonsignsandawnings.com/indoor-signs-richmond-tx/index.html]
[www.houstonsignsandawnings.com/wp-json/oembed/1.0/embeddc8c.json]
[www.houstonsignsandawnings.com/wp-json/oembed/1.0/embed7b90]
[www.houstonsignsandawnings.com/wp-json/wp/v2/pages/4805.json]
[www.houstonsignsandawnings.com/indoor-signs-rosenberg-tx/Firefox/index.html]
[www.houstonsignsandawnings.com/indoor-signs-rosenberg-tx/index.html]
[www.houstonsignsandawnings.com/wp-json/oembed/1.0/embed5712.json]
[www.houstonsignsandawnings.com/wp-json/oembed/1.0/embed7003]
[www.houstonsignsandawnings.com/indoor-signs-sugar-land-tx/Firefox/index.html]
[www.houstonsignsandawnings.com/wp-json/wp/v2/pages/4806.json]
[www.houstonsignsandawnings.com/indoor-signs-sugar-land-tx/index.html]
[www.houstonsignsandawnings.com/wp-json/oembed/1.0/embedc5fb.json]
[www.houstonsignsandawnings.com/wp-json/oembed/1.0/embedf9ab]
[www.houstonsignsandawnings.com/indoor-signs-thompsons-tx/Firefox/index.html]
[www.houstonsignsandawnings.com/wp-json/wp/v2/pages/4807.json]
[www.houstonsignsandawnings.com/indoor-signs-thompsons-tx/index.html]
[www.houstonsignsandawnings.com/wp-json/oembed/1.0/embed6e38.json]
[www.houstonsignsandawnings.com/wp-json/oembed/1.0/embedc9d9]
[www.houstonsignsandawnings.com/wp-json/wp/v2/pages/4842.json]
[www.houstonsignsandawnings.com/business-signs-alief-tx/index.html]
[www.houstonsignsandawnings.com/business-signs-alief-tx/Firefox/index.html]
[www.houstonsignsandawnings.com/wp-json/oembed/1.0/embedc64f.json]
[www.houstonsignsandawnings.com/wp-json/oembed/1.0/embedcafd]
[www.houstonsignsandawnings.com/business-signs-missouri-city-tx/Firefox/index.html]
[www.houstonsignsandawnings.com/wp-json/wp/v2/pages/4843.json]
[www.houstonsignsandawnings.com/business-signs-missouri-city-tx/index.html]
[www.houstonsignsandawnings.com/wp-json/oembed/1.0/embed3433.json]
[www.houstonsignsandawnings.com/wp-json/oembed/1.0/embed120d]
[www.houstonsignsandawnings.com/business-signs-richmond-tx/Firefox/index.html]
[www.houstonsignsandawnings.com/wp-json/wp/v2/pages/4844.json]
[www.houstonsignsandawnings.com/business-signs-richmond-tx/index.html]
[www.houstonsignsandawnings.com/wp-json/oembed/1.0/embedc777.json]
[www.houstonsignsandawnings.com/wp-json/oembed/1.0/embed90e9]
[www.houstonsignsandawnings.com/business-signs-rosenberg-tx/Firefox/index.html]
[www.houstonsignsandawnings.com/wp-json/wp/v2/pages/4845.json]
[www.houstonsignsandawnings.com/business-signs-rosenberg-tx/index.html]
[www.houstonsignsandawnings.com/wp-json/oembed/1.0/embedb2d9.json]
[www.houstonsignsandawnings.com/wp-json/oembed/1.0/embedb461]
[www.houstonsignsandawnings.com/business-signs-sugar-land-tx/Firefox/index.html]
[www.houstonsignsandawnings.com/wp-json/wp/v2/pages/4846.json]
[www.houstonsignsandawnings.com/business-signs-sugar-land-tx/index.html]
[www.houstonsignsandawnings.com/wp-json/oembed/1.0/embed9c1f.json]
[www.houstonsignsandawnings.com/wp-json/oembed/1.0/embed5af1]
[www.houstonsignsandawnings.com/wp-json/wp/v2/pages/4847.json]
[www.houstonsignsandawnings.com/business-signs-thompsons-tx/Firefox/index.html]
[www.houstonsignsandawnings.com/business-signs-thompsons-tx/index.html]
[www.houstonsignsandawnings.com/wp-json/oembed/1.0/embedf55c.json]
[www.houstonsignsandawnings.com/wp-json/oembed/1.0/embed77fc]
[www.houstonsignsandawnings.com/monument-signs-alief-tx/Firefox/index.html]
[www.houstonsignsandawnings.com/wp-json/wp/v2/pages/5141.json]
[www.houstonsignsandawnings.com/monument-signs-alief-tx/index.html]
[www.houstonsignsandawnings.com/wp-json/oembed/1.0/embed9660.json]
[www.houstonsignsandawnings.com/wp-json/oembed/1.0/embed63b1]
[www.houstonsignsandawnings.com/wp-json/wp/v2/pages/5143.json]
[www.houstonsignsandawnings.com/monument-signs-missouri-city-tx/index.html]
[www.houstonsignsandawnings.com/monument-signs-missouri-city-tx/Firefox/index.html]
[www.houstonsignsandawnings.com/wp-json/oembed/1.0/embed7236.json]
[www.houstonsignsandawnings.com/wp-json/oembed/1.0/embed1b7e]
[www.houstonsignsandawnings.com/wp-json/wp/v2/pages/5145.json]
[www.houstonsignsandawnings.com/monument-signs-richmond-tx/index.html]
[www.houstonsignsandawnings.com/monument-signs-richmond-tx/Firefox/index.html]
[www.houstonsignsandawnings.com/wp-json/oembed/1.0/embed5e73.json]
[www.houstonsignsandawnings.com/wp-json/oembed/1.0/embed4b21]
[www.houstonsignsandawnings.com/monument-signs-rosenberg-tx/Firefox/index.html]
[www.houstonsignsandawnings.com/wp-json/wp/v2/pages/5147.json]
[www.houstonsignsandawnings.com/monument-signs-rosenberg-tx/index.html]
[www.houstonsignsandawnings.com/wp-json/oembed/1.0/embed7c92.json]
[www.houstonsignsandawnings.com/wp-json/oembed/1.0/embed82b0]
[www.houstonsignsandawnings.com/monument-signs-sugar-land-tx/Firefox/index.html]
[www.houstonsignsandawnings.com/wp-json/wp/v2/pages/5149.json]
[www.houstonsignsandawnings.com/monument-signs-sugar-land-tx/index.html]
[www.houstonsignsandawnings.com/wp-json/oembed/1.0/embed9328.json]
[www.houstonsignsandawnings.com/wp-json/oembed/1.0/embed5024]
[www.houstonsignsandawnings.com/monument-signs-thompsons-tx/Firefox/index.html]
[www.houstonsignsandawnings.com/wp-json/wp/v2/pages/5151.json]
[www.houstonsignsandawnings.com/monument-signs-thompsons-tx/index.html]
[www.houstonsignsandawnings.com/wp-json/oembed/1.0/embed8d32.json]
[www.houstonsignsandawnings.com/wp-json/oembed/1.0/embed3d7c]
[www.houstonsignsandawnings.com/outdoor-signs-alief-tx/Firefox/index.html]
[www.houstonsignsandawnings.com/wp-json/wp/v2/pages/4810.json]
[www.houstonsignsandawnings.com/outdoor-signs-alief-tx/index.html]
[www.houstonsignsandawnings.com/wp-json/oembed/1.0/embed87f2.json]
[www.houstonsignsandawnings.com/wp-json/oembed/1.0/embedb167]
[www.houstonsignsandawnings.com/outdoor-signs-missouri-city-tx/Firefox/index.html]
[www.houstonsignsandawnings.com/wp-json/wp/v2/pages/4811.json]
[www.houstonsignsandawnings.com/outdoor-signs-missouri-city-tx/index.html]
[www.houstonsignsandawnings.com/wp-json/oembed/1.0/embed6eae.json]
[www.houstonsignsandawnings.com/wp-json/oembed/1.0/embedcb79]
[www.houstonsignsandawnings.com/outdoor-signs-richmond-tx/Firefox/index.html]
[www.houstonsignsandawnings.com/wp-json/wp/v2/pages/4812.json]
[www.houstonsignsandawnings.com/outdoor-signs-richmond-tx/index.html]
[www.houstonsignsandawnings.com/wp-json/oembed/1.0/embede9b0.json]
[www.houstonsignsandawnings.com/wp-json/oembed/1.0/embedd445]
[www.houstonsignsandawnings.com/outdoor-signs-rosenberg-tx/Firefox/index.html]
[www.houstonsignsandawnings.com/wp-json/wp/v2/pages/4813.json]
[www.houstonsignsandawnings.com/outdoor-signs-rosenberg-tx/index.html]
[www.houstonsignsandawnings.com/wp-json/oembed/1.0/embed05d0.json]
[www.houstonsignsandawnings.com/wp-json/oembed/1.0/embed2c47]
[www.houstonsignsandawnings.com/outdoor-signs-sugar-land-tx/Firefox/index.html]
[www.houstonsignsandawnings.com/wp-json/wp/v2/pages/4814.json]
[www.houstonsignsandawnings.com/outdoor-signs-sugar-land-tx/index.html]
[www.houstonsignsandawnings.com/wp-json/oembed/1.0/embed00e5.json]
[www.houstonsignsandawnings.com/wp-json/oembed/1.0/embeda94b]
[www.houstonsignsandawnings.com/outdoor-signs-thompsons-tx/Firefox/index.html]
[www.houstonsignsandawnings.com/wp-json/wp/v2/pages/4815.json]
[www.houstonsignsandawnings.com/outdoor-signs-thompsons-tx/index.html]
[www.houstonsignsandawnings.com/wp-json/oembed/1.0/embed0e72.json]
[www.houstonsignsandawnings.com/wp-json/oembed/1.0/embedd1b3]
[www.houstonsignsandawnings.com/wp-json/wp/v2/pages/5101.json]
[www.houstonsignsandawnings.com/metal-signs-alief-tx/index.html]
[www.houstonsignsandawnings.com/metal-signs-alief-tx/Firefox/index.html]
[www.houstonsignsandawnings.com/wp-json/oembed/1.0/embedda28.json]
[www.houstonsignsandawnings.com/wp-json/oembed/1.0/embed37ae]
[www.houstonsignsandawnings.com/metal-signs-missouri-city-tx/Firefox/index.html]
[www.houstonsignsandawnings.com/wp-json/wp/v2/pages/5103.json]
[www.houstonsignsandawnings.com/metal-signs-missouri-city-tx/index.html]
[www.houstonsignsandawnings.com/wp-json/oembed/1.0/embed6e9c.json]
[www.houstonsignsandawnings.com/wp-json/oembed/1.0/embed836f]
[www.houstonsignsandawnings.com/wp-json/wp/v2/pages/5105.json]
[www.houstonsignsandawnings.com/metal-signs-richmond-tx/index.html]
[www.houstonsignsandawnings.com/metal-signs-richmond-tx/Firefox/index.html]
[www.houstonsignsandawnings.com/wp-json/oembed/1.0/embed8db8.json]
[www.houstonsignsandawnings.com/wp-json/oembed/1.0/embed9217]
[www.houstonsignsandawnings.com/wp-json/wp/v2/pages/5107.json]
[www.houstonsignsandawnings.com/metal-signs-rosenberg-tx/index.html]
[www.houstonsignsandawnings.com/metal-signs-rosenberg-tx/Firefox/index.html]
[www.houstonsignsandawnings.com/wp-json/oembed/1.0/embed51a7.json]
[www.houstonsignsandawnings.com/wp-json/oembed/1.0/embed9ffa]
[www.houstonsignsandawnings.com/metal-signs-sugar-land-tx/Firefox/index.html]
[www.houstonsignsandawnings.com/wp-json/wp/v2/pages/5109.json]
[www.houstonsignsandawnings.com/metal-signs-sugar-land-tx/index.html]
[www.houstonsignsandawnings.com/wp-json/oembed/1.0/embed1176.json]
[www.houstonsignsandawnings.com/wp-json/oembed/1.0/embedc14c]
[www.houstonsignsandawnings.com/wp-json/wp/v2/pages/5111.json]
[www.houstonsignsandawnings.com/metal-signs-thompsons-tx/index.html]
[www.houstonsignsandawnings.com/metal-signs-thompsons-tx/Firefox/index.html]
[www.houstonsignsandawnings.com/wp-json/oembed/1.0/embed6ac7.json]
[www.houstonsignsandawnings.com/wp-json/oembed/1.0/embed398b]
[www.houstonsignsandawnings.com/sign-repairs-alief-tx/Firefox/index.html]
[www.houstonsignsandawnings.com/wp-json/wp/v2/pages/5329.json]
[www.houstonsignsandawnings.com/sign-repairs-alief-tx/index.html]
[www.houstonsignsandawnings.com/wp-json/oembed/1.0/embed5f13.json]
[www.houstonsignsandawnings.com/wp-json/oembed/1.0/embedfc10]
[www.houstonsignsandawnings.com/sign-repairs-missouri-city-tx/Firefox/index.html]
[www.houstonsignsandawnings.com/wp-json/wp/v2/pages/5331.json]
[www.houstonsignsandawnings.com/sign-repairs-missouri-city-tx/index.html]
[www.houstonsignsandawnings.com/wp-json/oembed/1.0/embedba9d.json]
[www.houstonsignsandawnings.com/wp-json/oembed/1.0/embed4f0b]
[www.houstonsignsandawnings.com/sign-repairs-richmond-tx/Firefox/index.html]
[www.houstonsignsandawnings.com/wp-json/wp/v2/pages/5333.json]
[www.houstonsignsandawnings.com/sign-repairs-richmond-tx/index.html]
[www.houstonsignsandawnings.com/wp-json/oembed/1.0/embed8919.json]
[www.houstonsignsandawnings.com/wp-json/oembed/1.0/embed8d6f]
[www.houstonsignsandawnings.com/sign-repairs-rosenberg-tx/Firefox/index.html]
[www.houstonsignsandawnings.com/wp-json/wp/v2/pages/5335.json]
[www.houstonsignsandawnings.com/sign-repairs-rosenberg-tx/index.html]
[www.houstonsignsandawnings.com/wp-json/oembed/1.0/embedbc7f.json]
[www.houstonsignsandawnings.com/wp-json/oembed/1.0/embed52d7]
[www.houstonsignsandawnings.com/sign-repairs-sugar-land-tx/Firefox/index.html]
[www.houstonsignsandawnings.com/wp-json/wp/v2/pages/5337.json]
[www.houstonsignsandawnings.com/sign-repairs-sugar-land-tx/index.html]
[www.houstonsignsandawnings.com/wp-json/oembed/1.0/embed01a2.json]
[www.houstonsignsandawnings.com/wp-json/oembed/1.0/embed1259]
[www.houstonsignsandawnings.com/sign-repairs-thompsons-tx/Firefox/index.html]
[www.houstonsignsandawnings.com/wp-json/wp/v2/pages/5339.json]
[www.houstonsignsandawnings.com/sign-repairs-thompsons-tx/index.html]
[www.houstonsignsandawnings.com/wp-json/oembed/1.0/embed4cdf.json]
[www.houstonsignsandawnings.com/wp-json/oembed/1.0/embed0965]
[www.houstonsignsandawnings.com/wp-json/wp/v2/pages/4818.json]
[www.houstonsignsandawnings.com/awning-signs-alief-tx/index.html]
[www.houstonsignsandawnings.com/awning-signs-alief-tx/Firefox/index.html]
[www.houstonsignsandawnings.com/wp-json/oembed/1.0/embedc434.json]
[www.houstonsignsandawnings.com/wp-json/oembed/1.0/embed366d]
[www.houstonsignsandawnings.com/awning-signs-missouri-city-tx/Firefox/index.html]
[www.houstonsignsandawnings.com/wp-json/wp/v2/pages/4819.json]
[www.houstonsignsandawnings.com/awning-signs-missouri-city-tx/index.html]
[www.houstonsignsandawnings.com/wp-json/oembed/1.0/embed07d3.json]
[www.houstonsignsandawnings.com/wp-json/oembed/1.0/embeda1c1]
[www.houstonsignsandawnings.com/awning-signs-richmond-tx/Firefox/index.html]
[www.houstonsignsandawnings.com/wp-json/wp/v2/pages/4820.json]
[www.houstonsignsandawnings.com/awning-signs-richmond-tx/index.html]
[www.houstonsignsandawnings.com/wp-json/oembed/1.0/embed7800.json]
[www.houstonsignsandawnings.com/wp-json/oembed/1.0/embed25d8]
[www.houstonsignsandawnings.com/awning-signs-rosenberg-tx/Firefox/index.html]
[www.houstonsignsandawnings.com/wp-json/wp/v2/pages/4821.json]
[www.houstonsignsandawnings.com/awning-signs-rosenberg-tx/index.html]
[www.houstonsignsandawnings.com/wp-json/oembed/1.0/embedc68b.json]
[www.houstonsignsandawnings.com/wp-json/oembed/1.0/embed0209]
[www.houstonsignsandawnings.com/wp-json/wp/v2/pages/4822.json]
[www.houstonsignsandawnings.com/awning-signs-sugar-land-tx/index.html]
[www.houstonsignsandawnings.com/awning-signs-sugar-land-tx/Firefox/index.html]
[www.houstonsignsandawnings.com/wp-json/oembed/1.0/embedd3b2.json]
[www.houstonsignsandawnings.com/wp-json/oembed/1.0/embed567d]
[www.houstonsignsandawnings.com/awning-signs-thompsons-tx/Firefox/index.html]
[www.houstonsignsandawnings.com/wp-json/wp/v2/pages/4823.json]
[www.houstonsignsandawnings.com/awning-signs-thompsons-tx/index.html]
[www.houstonsignsandawnings.com/wp-json/oembed/1.0/embed885a.json]
[www.houstonsignsandawnings.com/wp-json/oembed/1.0/embed3db8]
[www.houstonsignsandawnings.com/wp-json/wp/v2/pages/5114.json]
[www.houstonsignsandawnings.com/pole-signs-alief-tx/index.html]
[www.houstonsignsandawnings.com/pole-signs-alief-tx/Firefox/index.html]
[www.houstonsignsandawnings.com/wp-json/oembed/1.0/embed8d07.json]
[www.houstonsignsandawnings.com/wp-json/oembed/1.0/embeded58]
[www.houstonsignsandawnings.com/wp-json/wp/v2/pages/5116.json]
[www.houstonsignsandawnings.com/pole-signs-missouri-city-tx/index.html]
[www.houstonsignsandawnings.com/pole-signs-missouri-city-tx/Firefox/index.html]
[www.houstonsignsandawnings.com/wp-json/oembed/1.0/embedc12a.json]
[www.houstonsignsandawnings.com/wp-json/oembed/1.0/embedeff5]
[www.houstonsignsandawnings.com/wp-json/wp/v2/pages/5118.json]
[www.houstonsignsandawnings.com/pole-signs-richmond-tx/index.html]
[www.houstonsignsandawnings.com/pole-signs-richmond-tx/Firefox/index.html]
[www.houstonsignsandawnings.com/wp-json/oembed/1.0/embed04b5.json]
[www.houstonsignsandawnings.com/wp-json/oembed/1.0/embed4cf9]
[www.houstonsignsandawnings.com/pole-signs-rosenberg-tx/Firefox/index.html]
[www.houstonsignsandawnings.com/wp-json/wp/v2/pages/5120.json]
[www.houstonsignsandawnings.com/pole-signs-rosenberg-tx/index.html]
[www.houstonsignsandawnings.com/wp-json/oembed/1.0/embedce87.json]
[www.houstonsignsandawnings.com/wp-json/oembed/1.0/embed9280]
[www.houstonsignsandawnings.com/pole-signs-sugar-land-tx/Firefox/index.html]
[www.houstonsignsandawnings.com/wp-json/wp/v2/pages/5122.json]
[www.houstonsignsandawnings.com/pole-signs-sugar-land-tx/index.html]
[www.houstonsignsandawnings.com/wp-json/oembed/1.0/embeda5fd.json]
[www.houstonsignsandawnings.com/wp-json/oembed/1.0/embed5edf]
[www.houstonsignsandawnings.com/pole-signs-thompsons-tx/Firefox/index.html]
[www.houstonsignsandawnings.com/wp-json/wp/v2/pages/5124.json]
[www.houstonsignsandawnings.com/pole-signs-thompsons-tx/index.html]
[www.houstonsignsandawnings.com/indoor-signs/Firefox/index.html]
[www.houstonsignsandawnings.com/index62bc.html]
[www.houstonsignsandawnings.com/reviews/Firefox/index.html]
[www.houstonsignsandawnings.com/indexe6f0.html]
[www.houstonsignsandawnings.com/write-a-review/index.html]
[www.houstonsignsandawnings.com/outdoor-signs/Firefox/index.html]
[www.houstonsignsandawnings.com/index313f.html]
[www.houstonsignsandawnings.com/awning-signs/Firefox/index.html]
[www.houstonsignsandawnings.com/indexa182.html]
[www.houstonsignsandawnings.com/vehicle-wraps/Firefox/index.html]
[www.houstonsignsandawnings.com/indexa102.html]
[www.houstonsignsandawnings.com/custom-signs/Firefox/index.html]
[www.houstonsignsandawnings.com/index21b4.html]
[www.houstonsignsandawnings.com/business-signs/Firefox/index.html]
[www.houstonsignsandawnings.com/index4faf.html]
[www.houstonsignsandawnings.com/contact-us/Firefox/index.html]
[www.houstonsignsandawnings.com/index287b.html]
[www.houstonsignsandawnings.com/promotional-signs/Firefox/index.html]
[www.houstonsignsandawnings.com/office-signs/Firefox/index.html]
[www.houstonsignsandawnings.com/banners/Firefox/index.html]
[www.houstonsignsandawnings.com/dimensional-letters/Firefox/index.html]
[www.houstonsignsandawnings.com/hanging-signs/Firefox/index.html]
[www.houstonsignsandawnings.com/blade-signs/Firefox/index.html]
[www.houstonsignsandawnings.com/retail-signs/Firefox/index.html]
[www.houstonsignsandawnings.com/cabinet-signs/Firefox/index.html]
[www.houstonsignsandawnings.com/channel-letters/Firefox/index.html]
[www.houstonsignsandawnings.com/lighted-signs/Firefox/index.html]
[www.houstonsignsandawnings.com/monument-signs/Firefox/index.html]
[www.houstonsignsandawnings.com/index1ab8.html]
[www.houstonsignsandawnings.com/pole-signs/Firefox/index.html]
[www.houstonsignsandawnings.com/index1870.html]
[www.houstonsignsandawnings.com/post-panel-signs/Firefox/index.html]
[www.houstonsignsandawnings.com/pylon-signs/Firefox/index.html]
[www.houstonsignsandawnings.com/storefront-signs/Firefox/index.html]
[www.houstonsignsandawnings.com/sign-repairs/Firefox/index.html]
[www.houstonsignsandawnings.com/index91e7.html]
[www.houstonsignsandawnings.com/high-rise-signs/Firefox/index.html]
[www.houstonsignsandawnings.com/indexf8f6.html]
[www.houstonsignsandawnings.com/wayfinding-signs/Firefox/index.html]
[www.houstonsignsandawnings.com/floor-signs/Firefox/index.html]
[www.houstonsignsandawnings.com/lobby-signs/Firefox/index.html]
[www.houstonsignsandawnings.com/pop-signs/Firefox/index.html]
[www.houstonsignsandawnings.com/room-id-signs/Firefox/index.html]
[www.houstonsignsandawnings.com/wall-signs/Firefox/index.html]
[www.houstonsignsandawnings.com/car-wraps/Firefox/index.html]
[www.houstonsignsandawnings.com/ada-signs/Firefox/index.html]
[www.houstonsignsandawnings.com/acrylic-signs/Firefox/index.html]
[www.houstonsignsandawnings.com/building-signs/Firefox/index.html]
[www.houstonsignsandawnings.com/canopy-tents/Firefox/index.html]
[www.houstonsignsandawnings.com/index1c21.html]
[www.houstonsignsandawnings.com/coronavirus-signage/Firefox/index.html]
[www.houstonsignsandawnings.com/corrugated-signs/Firefox/index.html]
[www.houstonsignsandawnings.com/custom-tablecovers/Firefox/index.html]
[www.houstonsignsandawnings.com/dibond-signs/Firefox/index.html]
[www.houstonsignsandawnings.com/digital-signs/Firefox/index.html]
[www.houstonsignsandawnings.com/door-signs/Firefox/index.html]
[www.houstonsignsandawnings.com/electronic-signs/Firefox/index.html]
[www.houstonsignsandawnings.com/fleet-wraps/Firefox/index.html]
[www.houstonsignsandawnings.com/foamcore-signs/Firefox/index.html]
[www.houstonsignsandawnings.com/informational-signs/Firefox/index.html]
[www.houstonsignsandawnings.com/led-signs/Firefox/index.html]
[www.houstonsignsandawnings.com/large-banners/Firefox/index.html]
[www.houstonsignsandawnings.com/menu-boards/Firefox/index.html]
[www.houstonsignsandawnings.com/metal-signs/Firefox/index.html]
[www.houstonsignsandawnings.com/index20e0.html]
[www.houstonsignsandawnings.com/portable-signs/Firefox/index.html]
[www.houstonsignsandawnings.com/printed-backdrops/Firefox/index.html]
[www.houstonsignsandawnings.com/safety-signs/Firefox/index.html]
[www.houstonsignsandawnings.com/sandblasted-signs/Firefox/index.html]
[www.houstonsignsandawnings.com/tabletop-displays/Firefox/index.html]
[www.houstonsignsandawnings.com/temporary-signs/Firefox/index.html]
[www.houstonsignsandawnings.com/tenant-signs/Firefox/index.html]
[www.houstonsignsandawnings.com/trade-show-displays/Firefox/index.html]
[www.houstonsignsandawnings.com/tradeshow-booths/Firefox/index.html]
[www.houstonsignsandawnings.com/tradeshow-exhibits/Firefox/index.html]
[www.houstonsignsandawnings.com/truck-wraps/Firefox/index.html]
[www.houstonsignsandawnings.com/van-wraps/Firefox/index.html]
[www.houstonsignsandawnings.com/window-graphics/Firefox/index.html]
[www.houstonsignsandawnings.com/window-signs/Firefox/index.html]
[www.houstonsignsandawnings.com/automotive-signs/Firefox/index.html]
[www.houstonsignsandawnings.com/bank-signs/Firefox/index.html]
[www.houstonsignsandawnings.com/bar-signs/Firefox/index.html]
[www.houstonsignsandawnings.com/barber-signs/Firefox/index.html]
[www.houstonsignsandawnings.com/church-signs/Firefox/index.html]
[www.houstonsignsandawnings.com/city-signs/Firefox/index.html]
[www.houstonsignsandawnings.com/college-signs/Firefox/index.html]
[www.houstonsignsandawnings.com/construction-signs/Firefox/index.html]
[www.houstonsignsandawnings.com/convenience-store-signs/Firefox/index.html]
[www.houstonsignsandawnings.com/corporate-signs/Firefox/index.html]
[www.houstonsignsandawnings.com/dealership-signs/Firefox/index.html]
[www.houstonsignsandawnings.com/dentist-signs/Firefox/index.html]
[www.houstonsignsandawnings.com/doctor-signs/Firefox/index.html]
[www.houstonsignsandawnings.com/gas-station-signs/Firefox/index.html]
[www.houstonsignsandawnings.com/hospital-signs/Firefox/index.html]
[www.houstonsignsandawnings.com/hospitality-signs/Firefox/index.html]
[www.houstonsignsandawnings.com/hotel-signs/Firefox/index.html]
[www.houstonsignsandawnings.com/laundromat-signs/Firefox/index.html]
[www.houstonsignsandawnings.com/lawyer-signs/Firefox/index.html]
[www.houstonsignsandawnings.com/mall-signs/Firefox/index.html]
[www.houstonsignsandawnings.com/manufacturing-signs/Firefox/index.html]
[www.houstonsignsandawnings.com/new-business-signs/Firefox/index.html]
[www.houstonsignsandawnings.com/nursery-signs/Firefox/index.html]
[www.houstonsignsandawnings.com/political-signs/Firefox/index.html]
[www.houstonsignsandawnings.com/property-management-signs/Firefox/index.html]
[www.houstonsignsandawnings.com/real-estate-signs/Firefox/index.html]
[www.houstonsignsandawnings.com/restaurant-signs/Firefox/index.html]
[www.houstonsignsandawnings.com/salon-signs/Firefox/index.html]
[www.houstonsignsandawnings.com/school-signs/Firefox/index.html]
[www.houstonsignsandawnings.com/small-business-signs/Firefox/index.html]
[www.houstonsignsandawnings.com/warehouse-signs/Firefox/index.html]
[www.houstonsignsandawnings.com/privacy-policy/Firefox/index.html]
[www.houstonsignsandawnings.com/indexb247.html]
[www.houstonsignsandawnings.com/terms-of-service/Firefox/index.html]
[www.houstonsignsandawnings.com/index88c3.html]
[www.houstonsignsandawnings.com/alief-tx/Firefox/index.html]
[www.houstonsignsandawnings.com/indexaf21.html]
[www.houstonsignsandawnings.com/write-a-review/Firefox/index.html]
[www.houstonsignsandawnings.com/wp-json/oembed/1.0/embedf849.json]
[www.houstonsignsandawnings.com/vinyl-signs/Firefox/index.html]
[www.houstonsignsandawnings.com/wp-json/oembed/1.0/embed1216]
[www.houstonsignsandawnings.com/wp-content/uploads/2013/09/vynil-signs-custom-mmwm.webp]
[www.houstonsignsandawnings.com/wp-json/wp/v2/pages/766.json]
[www.houstonsignsandawnings.com/wp-content/uploads/2013/09/custom-home-300x176.jpg]
[www.houstonsignsandawnings.com/wp-content/uploads/2017/10/banner10-300x225.jpg]
[www.houstonsignsandawnings.com/wp-content/uploads/2018/06/window-graphics-1-300x158.jpg]
[www.houstonsignsandawnings.com/wp-content/uploads/2017/11/frosted-privacy-film-window-graphics-300x225.jpg]
[www.houstonsignsandawnings.com/wp-content/uploads/2018/06/business-hours-operation-door-vinyl-249x300.jpg]
[www.houstonsignsandawnings.com/wp-content/uploads/2018/06/wall-mural-custom-indoor-vinyl-graphics-300x225.jpg]
[www.houstonsignsandawnings.com/wp-content/uploads/2017/10/banner-3-300x225.jpg]
[www.houstonsignsandawnings.com/vinyl-signs/index.html]
[www.houstonsignsandawnings.com/missouri-city-tx/Firefox/index.html]
[www.houstonsignsandawnings.com/index6881.html]
[www.houstonsignsandawnings.com/richmond-tx/Firefox/index.html]
[www.houstonsignsandawnings.com/index29f9.html]
[www.houstonsignsandawnings.com/rosenberg-tx/Firefox/index.html]
[www.houstonsignsandawnings.com/indexae45.html]
[www.houstonsignsandawnings.com/sugar-land-tx/Firefox/index.html]
[www.houstonsignsandawnings.com/index1ffb.html]
[www.houstonsignsandawnings.com/thompsons-tx/Firefox/index.html]
[www.houstonsignsandawnings.com/indexde2d.html]
[www.houstonsignsandawnings.com/custom-signs-alief-tx/Firefox/index.html]
[www.houstonsignsandawnings.com/indexb99a.html]
[www.houstonsignsandawnings.com/custom-signs-missouri-city-tx/Firefox/index.html]
[www.houstonsignsandawnings.com/index3b37.html]
[www.houstonsignsandawnings.com/custom-signs-richmond-tx/Firefox/index.html]
[www.houstonsignsandawnings.com/indexc225.html]
[www.houstonsignsandawnings.com/custom-signs-rosenberg-tx/Firefox/index.html]
[www.houstonsignsandawnings.com/index8a82.html]
[www.houstonsignsandawnings.com/custom-signs-sugar-land-tx/Firefox/index.html]
[www.houstonsignsandawnings.com/index77c9.html]
[www.houstonsignsandawnings.com/custom-signs-thompsons-tx/Firefox/index.html]
[www.houstonsignsandawnings.com/index6524.html]
[www.houstonsignsandawnings.com/canopy-tents-alief-tx/Firefox/index.html]
[www.houstonsignsandawnings.com/indexfe3b.html]
[www.houstonsignsandawnings.com/canopy-tents-missouri-city-tx/Firefox/index.html]
[www.houstonsignsandawnings.com/index24c2.html]
[www.houstonsignsandawnings.com/canopy-tents-richmond-tx/Firefox/index.html]
[www.houstonsignsandawnings.com/index420b.html]
[www.houstonsignsandawnings.com/canopy-tents-rosenberg-tx/Firefox/index.html]
[www.houstonsignsandawnings.com/index6d6d.html]
[www.houstonsignsandawnings.com/canopy-tents-sugar-land-tx/Firefox/index.html]
[www.houstonsignsandawnings.com/index2ca9.html]
[www.houstonsignsandawnings.com/canopy-tents-thompsons-tx/Firefox/index.html]
[www.houstonsignsandawnings.com/index5309.html]
[www.houstonsignsandawnings.com/indoor-signs-alief-tx/Firefox/index.html]
[www.houstonsignsandawnings.com/index4a14.html]
[www.houstonsignsandawnings.com/indoor-signs-missouri-city-tx/Firefox/index.html]
[www.houstonsignsandawnings.com/index9906.html]
[www.houstonsignsandawnings.com/indoor-signs-richmond-tx/Firefox/index.html]
[www.houstonsignsandawnings.com/indexedcd.html]
[www.houstonsignsandawnings.com/indoor-signs-rosenberg-tx/Firefox/index.html]
[www.houstonsignsandawnings.com/indexc285.html]
[www.houstonsignsandawnings.com/indoor-signs-sugar-land-tx/Firefox/index.html]
[www.houstonsignsandawnings.com/index17c0.html]
[www.houstonsignsandawnings.com/indoor-signs-thompsons-tx/Firefox/index.html]
[www.houstonsignsandawnings.com/index79f3.html]
[www.houstonsignsandawnings.com/business-signs-alief-tx/Firefox/index.html]
[www.houstonsignsandawnings.com/index674b.html]
[www.houstonsignsandawnings.com/business-signs-missouri-city-tx/Firefox/index.html]
[www.houstonsignsandawnings.com/indexd36f.html]
[www.houstonsignsandawnings.com/business-signs-richmond-tx/Firefox/index.html]
[www.houstonsignsandawnings.com/index28b2.html]
[www.houstonsignsandawnings.com/business-signs-rosenberg-tx/Firefox/index.html]
[www.houstonsignsandawnings.com/index445a.html]
[www.houstonsignsandawnings.com/business-signs-sugar-land-tx/Firefox/index.html]
[www.houstonsignsandawnings.com/index6954.html]
[www.houstonsignsandawnings.com/business-signs-thompsons-tx/Firefox/index.html]
[www.houstonsignsandawnings.com/index1fea.html]
[www.houstonsignsandawnings.com/monument-signs-alief-tx/Firefox/index.html]
[www.houstonsignsandawnings.com/index65f9.html]
[www.houstonsignsandawnings.com/monument-signs-missouri-city-tx/Firefox/index.html]
[www.houstonsignsandawnings.com/indexc9e1.html]
[www.houstonsignsandawnings.com/monument-signs-richmond-tx/Firefox/index.html]
[www.houstonsignsandawnings.com/index00c1.html]
[www.houstonsignsandawnings.com/monument-signs-rosenberg-tx/Firefox/index.html]
[www.houstonsignsandawnings.com/index4163.html]
[www.houstonsignsandawnings.com/monument-signs-sugar-land-tx/Firefox/index.html]
[www.houstonsignsandawnings.com/index6268.html]
[www.houstonsignsandawnings.com/monument-signs-thompsons-tx/Firefox/index.html]
[www.houstonsignsandawnings.com/index9cdc.html]
[www.houstonsignsandawnings.com/outdoor-signs-alief-tx/Firefox/index.html]
[www.houstonsignsandawnings.com/indexd22e.html]
[www.houstonsignsandawnings.com/outdoor-signs-missouri-city-tx/Firefox/index.html]
[www.houstonsignsandawnings.com/index6c78.html]
[www.houstonsignsandawnings.com/outdoor-signs-richmond-tx/Firefox/index.html]
[www.houstonsignsandawnings.com/indexb6e1.html]
[www.houstonsignsandawnings.com/outdoor-signs-rosenberg-tx/Firefox/index.html]
[www.houstonsignsandawnings.com/indexd46b.html]
[www.houstonsignsandawnings.com/outdoor-signs-sugar-land-tx/Firefox/index.html]
[www.houstonsignsandawnings.com/indexabe7.html]
[www.houstonsignsandawnings.com/outdoor-signs-thompsons-tx/Firefox/index.html]
[www.houstonsignsandawnings.com/indexe653.html]
[www.houstonsignsandawnings.com/metal-signs-alief-tx/Firefox/index.html]
[www.houstonsignsandawnings.com/indexef28.html]
[www.houstonsignsandawnings.com/metal-signs-missouri-city-tx/Firefox/index.html]
[www.houstonsignsandawnings.com/indexa221.html]
[www.houstonsignsandawnings.com/metal-signs-richmond-tx/Firefox/index.html]
[www.houstonsignsandawnings.com/index4926.html]
[www.houstonsignsandawnings.com/metal-signs-rosenberg-tx/Firefox/index.html]
[www.houstonsignsandawnings.com/indexb135.html]
[www.houstonsignsandawnings.com/metal-signs-sugar-land-tx/Firefox/index.html]
[www.houstonsignsandawnings.com/index975e.html]
[www.houstonsignsandawnings.com/metal-signs-thompsons-tx/Firefox/index.html]
[www.houstonsignsandawnings.com/indexba56.html]
[www.houstonsignsandawnings.com/sign-repairs-alief-tx/Firefox/index.html]
[www.houstonsignsandawnings.com/indexdcce.html]
[www.houstonsignsandawnings.com/sign-repairs-missouri-city-tx/Firefox/index.html]
[www.houstonsignsandawnings.com/index249f.html]
[www.houstonsignsandawnings.com/sign-repairs-richmond-tx/Firefox/index.html]
[www.houstonsignsandawnings.com/indexc6fd.html]
[www.houstonsignsandawnings.com/sign-repairs-rosenberg-tx/Firefox/index.html]
[www.houstonsignsandawnings.com/index1355.html]
[www.houstonsignsandawnings.com/sign-repairs-sugar-land-tx/Firefox/index.html]
[www.houstonsignsandawnings.com/index3956.html]
[www.houstonsignsandawnings.com/sign-repairs-thompsons-tx/Firefox/index.html]
[www.houstonsignsandawnings.com/indexdcf0.html]
[www.houstonsignsandawnings.com/awning-signs-alief-tx/Firefox/index.html]
[www.houstonsignsandawnings.com/index32da.html]
[www.houstonsignsandawnings.com/awning-signs-missouri-city-tx/Firefox/index.html]
[www.houstonsignsandawnings.com/indexd68d.html]
[www.houstonsignsandawnings.com/awning-signs-richmond-tx/Firefox/index.html]
[www.houstonsignsandawnings.com/index1776.html]
[www.houstonsignsandawnings.com/awning-signs-rosenberg-tx/Firefox/index.html]
[www.houstonsignsandawnings.com/index289a.html]
[www.houstonsignsandawnings.com/awning-signs-sugar-land-tx/Firefox/index.html]
[www.houstonsignsandawnings.com/index2425.html]
[www.houstonsignsandawnings.com/awning-signs-thompsons-tx/Firefox/index.html]
[www.houstonsignsandawnings.com/index511e.html]
[www.houstonsignsandawnings.com/pole-signs-alief-tx/Firefox/index.html]
[www.houstonsignsandawnings.com/index6061.html]
[www.houstonsignsandawnings.com/pole-signs-missouri-city-tx/Firefox/index.html]
[www.houstonsignsandawnings.com/index149a.html]
[www.houstonsignsandawnings.com/pole-signs-richmond-tx/Firefox/index.html]
[www.houstonsignsandawnings.com/index2322.html]
[www.houstonsignsandawnings.com/pole-signs-rosenberg-tx/Firefox/index.html]
[www.houstonsignsandawnings.com/indexd988.html]
[www.houstonsignsandawnings.com/pole-signs-sugar-land-tx/Firefox/index.html]
[www.houstonsignsandawnings.com/index6561.html]
[www.houstonsignsandawnings.com/pole-signs-thompsons-tx/Firefox/index.html]
[www.houstonsignsandawnings.com/index9d84.html]
[www.houstonsignsandawnings.com/write-a-review/Firefox/index.html]
[www.houstonsignsandawnings.com/vinyl-signs/Firefox/index.html]
[www.houstonsignsandawnings.com/index5192.html]
